{
    "Signatures": {
     "expected-1.1.0.tar.gz": "1db357f46dd2b24447156aaf970c4c40a793ef12a8a9c2ad9e096d9801368df6"
    }
   }
   